// Jest Snapshot v1, https://goo.gl/fbAQLP

exports[`<GifExpertApp /> tests should render component as expected 1`] = `
<Fragment>
  <h1>
    Gif Expert App
  </h1>
  <AddCategory
    setCategories={[Function]}
  />
  <hr />
  <ol />
</Fragment>
`;
