// Jest Snapshot v1, https://goo.gl/fbAQLP

exports[`<AddCategory /> tests Should render component 1`] = `
<form
  onSubmit={[Function]}
>
  <input
    onChange={[Function]}
    onClick={[Function]}
    placeholder="Add category"
    type="text"
    value=""
  />
</form>
`;
